TLC2 Version 2.19 of 08 August 2024 (rev: 5a47802)
Running breadth-first search Model-Checking with fp 62 and seed -375604907961237042 with 2 workers on 18 cores with 3641MB heap and 64MB offheap memory (Mac OS X 27.0 aarch64, Azul Systems, Inc. 1.8.0_492 x86_64, MSBDiskFPSet, DiskStateQueue).
Parsing file /Users/maxmur/Code/RS-Key/formal/RSKeySecurityState.tla
Parsing file /private/var/folders/gg/lgcg496924x384yd58t3b9180000gn/T/Naturals.tla
Parsing file /private/var/folders/gg/lgcg496924x384yd58t3b9180000gn/T/FiniteSets.tla
Parsing file /private/var/folders/gg/lgcg496924x384yd58t3b9180000gn/T/TLC.tla
Parsing file /private/var/folders/gg/lgcg496924x384yd58t3b9180000gn/T/Sequences.tla
Semantic processing of module Naturals
Semantic processing of module Sequences
Semantic processing of module FiniteSets
Semantic processing of module TLC
Semantic processing of module RSKeySecurityState
Starting... (2026-08-31 02:07:28)
Computing initial states...
Finished computing initial states: 1 distinct state generated at 2026-08-31 02:07:28.
Progress(12) at 2026-08-31 02:07:31: 1,539,827 states generated (1,539,827 s/min), 128,970 distinct states found (128,970 ds/min), 65,339 states left on queue.
Progress(18) at 2026-08-31 02:08:31: 39,650,491 states generated (38,110,664 s/min), 2,771,870 distinct states found (2,642,900 ds/min), 833,194 states left on queue.
Progress(21) at 2026-08-31 02:09:31: 77,150,366 states generated (37,499,875 s/min), 5,144,399 distinct states found (2,372,529 ds/min), 1,113,531 states left on queue.
Progress(22) at 2026-08-31 02:10:31: 114,397,955 states generated (37,247,589 s/min), 7,557,708 distinct states found (2,413,309 ds/min), 1,413,343 states left on queue.
Progress(24) at 2026-08-31 02:11:31: 151,952,102 states generated (37,554,147 s/min), 9,977,599 distinct states found (2,419,891 ds/min), 1,590,656 states left on queue.
Progress(25) at 2026-08-31 02:12:31: 189,344,948 states generated (37,392,846 s/min), 12,369,211 distinct states found (2,391,612 ds/min), 1,704,027 states left on queue.
Progress(27) at 2026-08-31 02:13:31: 226,809,675 states generated (37,464,727 s/min), 14,673,930 distinct states found (2,304,719 ds/min), 1,659,391 states left on queue.
Progress(28) at 2026-08-31 02:14:31: 264,270,244 states generated (37,460,569 s/min), 17,009,128 distinct states found (2,335,198 ds/min), 1,609,600 states left on queue.
Progress(30) at 2026-08-31 02:15:31: 301,512,956 states generated (37,242,712 s/min), 19,094,193 distinct states found (2,085,065 ds/min), 1,140,220 states left on queue.
Progress(34) at 2026-08-31 02:16:31: 338,387,644 states generated (36,874,688 s/min), 21,078,476 distinct states found (1,984,283 ds/min), 297,949 states left on queue.
Model checking completed. No error has been found.
  Estimates of the probability that TLC did not check all reachable states
  because two distinct states had the same fingerprint:
  calculated (optimistic):  val = 3.8E-4
  based on the actual fingerprints:  val = 2.6E-5
344527413 states generated, 21456020 distinct states found, 0 states left on queue.
The depth of the complete state graph search is 45.
The average outdegree of the complete state graph is 1 (minimum is 0, the maximum 31 and the 95th percentile is 3).
Finished in 09min 14s at (2026-08-31 02:16:42)
