TLC2 Version 2.19 of 08 August 2024 (rev: 5a47802)
Running breadth-first search Model-Checking with fp 51 and seed 4167935894212184943 with 2 workers on 18 cores with 3641MB heap and 64MB offheap memory (Mac OS X 27.0 aarch64, Azul Systems, Inc. 1.8.0_492 x86_64, MSBDiskFPSet, DiskStateQueue).
Parsing file /Users/maxmur/Code/RS-Key/formal/RSKeySecurityState.tla
Parsing file /private/var/folders/gg/lgcg496924x384yd58t3b9180000gn/T/Naturals.tla
Parsing file /private/var/folders/gg/lgcg496924x384yd58t3b9180000gn/T/FiniteSets.tla
Parsing file /private/var/folders/gg/lgcg496924x384yd58t3b9180000gn/T/TLC.tla
Parsing file /private/var/folders/gg/lgcg496924x384yd58t3b9180000gn/T/Sequences.tla
Semantic processing of module Naturals
Semantic processing of module Sequences
Semantic processing of module FiniteSets
Semantic processing of module TLC
Semantic processing of module RSKeySecurityState
Starting... (2026-08-31 02:16:46)
Computing initial states...
Finished computing initial states: 1 distinct state generated at 2026-08-31 02:16:46.
Progress(14) at 2026-08-31 02:16:49: 1,471,777 states generated (1,471,777 s/min), 189,048 distinct states found (189,048 ds/min), 69,048 states left on queue.
Progress(24) at 2026-08-31 02:17:49: 37,374,872 states generated (35,903,095 s/min), 4,071,234 distinct states found (3,882,186 ds/min), 714,161 states left on queue.
Progress(28) at 2026-08-31 02:18:49: 73,206,395 states generated (35,831,523 s/min), 7,665,931 distinct states found (3,594,697 ds/min), 803,431 states left on queue.
Model checking completed. No error has been found.
  Estimates of the probability that TLC did not check all reachable states
  because two distinct states had the same fingerprint:
  calculated (optimistic):  val = 5.6E-5
  based on the actual fingerprints:  val = 1.4E-6
106956959 states generated, 10765176 distinct states found, 0 states left on queue.
The depth of the complete state graph search is 46.
The average outdegree of the complete state graph is 1 (minimum is 0, the maximum 24 and the 95th percentile is 3).
Finished in 03min 01s at (2026-08-31 02:19:47)
